******************************************************************************
            TI ARM Clang Linker PC v4.0.3                      
******************************************************************************
>> Linked Sat Jul 19 09:54:55 2025

OUTPUT FILE NAME:   <InputOutput.out>
ENTRY POINT SYMBOL: "_c_int00_noargs"  address: 0000038d


MEMORY CONFIGURATION

         name            origin    length      used     unused   attr    fill
----------------------  --------  ---------  --------  --------  ----  --------
  FLASH                 00000000   00020000  000004a0  0001fb60  R  X
  SRAM                  20200000   00008000  00000204  00007dfc  RW X
  BCR_CONFIG            41c00000   00000080  00000000  00000080  R   
  BSL_CONFIG            41c00100   00000080  00000000  00000080  R   


SEGMENT ALLOCATION MAP

run origin  load origin   length   init length attrs members
----------  ----------- ---------- ----------- ----- -------
00000000    00000000    000004a0   000004a0    r-x
  00000000    00000000    000000c0   000000c0    r-- .intvecs
  000000c0    000000c0    000003c8   000003c8    r-x .text
  00000488    00000488    00000018   00000018    r-- .cinit
20200000    20200000    00000004   00000000    rw-
  20200000    20200000    00000004   00000000    rw- .data
20207e00    20207e00    00000200   00000000    rw-
  20207e00    20207e00    00000200   00000000    rw- .stack


SECTION ALLOCATION MAP

 output                                  attributes/
section   page    origin      length       input sections
--------  ----  ----------  ----------   ----------------
.intvecs   0    00000000    000000c0     
                  00000000    000000c0     startup_mspm0g3507_ticlang.o (.intvecs)

.text      0    000000c0    000003c8     
                  000000c0    000000b8     Clock.o (.text.Clock_Init)
                  00000178    0000007c     LaunchPad.o (.text.LaunchPad_Init)
                  000001f4    0000007c     libc.a : copy_decompress_lzss.c.obj (.text:decompress:lzss)
                  00000270    00000040     libclang_rt.builtins.a : aeabi_uidivmod.S.obj (.text.__aeabi_uidivmod)
                  000002b0    0000003c     libc.a : autoinit.c.obj (.text:__TI_auto_init_nobinit_nopinit)
                  000002ec    00000038     LaunchPad.o (.text.ActivatePortA_B)
                  00000324    00000034     Clock.o (.text.Clock_Delay1ms)
                  00000358    00000034     InputOutputmain.o (.text.main)
                  0000038c    00000028     libc.a : boot_cortex_m.c.obj (.text:_c_int00_noargs)
                  000003b4    0000001c     startup_mspm0g3507_ticlang.o (.text.Default_Handler)
                  000003d0    0000001c     startup_mspm0g3507_ticlang.o (.text.HardFault_Handler)
                  000003ec    00000012     libc.a : memcpy16.S.obj (.text:TI_memcpy_small)
                  000003fe    00000012            : copy_decompress_none.c.obj (.text:decompress:none)
                  00000410    00000010     Clock.o (.text.Clock_Delay)
                  00000420    00000010     LaunchPad.o (.text.Delay)
                  00000430    00000010     LaunchPad.o (.text.LaunchPad_LEDoff)
                  00000440    00000010     LaunchPad.o (.text.LaunchPad_LEDwhite)
                  00000450    0000000c     LaunchPad.o (.text.LaunchPad_LED1off)
                  0000045c    0000000c     LaunchPad.o (.text.LaunchPad_LED1on)
                  00000468    00000008     libclang_rt.builtins.a : aeabi_memcpy.S.obj (.text.__aeabi_memcpy)
                  00000470    00000006     libc.a : exit.c.obj (.text:abort)
                  00000476    00000004     libsysbm.a : hostexit.c.obj (.text.HOSTexit)
                  0000047a    00000004     startup_mspm0g3507_ticlang.o (.text.Reset_Handler)
                  0000047e    00000004     libc.a : pre_init.c.obj (.text._system_pre_init)
                  00000482    00000002     libclang_rt.builtins.a : aeabi_div0.c.obj (.text.__aeabi_idiv0)
                  00000484    00000004     --HOLE-- [fill = 0]

.cinit     0    00000488    00000018     
                  00000488    00000008     (.cinit..data.load) [load image, compression = lzss]
                  00000490    00000008     (__TI_handler_table)
                  00000498    00000008     (__TI_cinit_table)

.init_array 
*          0    00000000    00000000     UNINITIALIZED

.binit     0    00000000    00000000     

.data      0    20200000    00000004     UNINITIALIZED
                  20200000    00000004     Clock.o (.data.BusFreq)

.stack     0    20207e00    00000200     UNINITIALIZED
                  20207e00    00000004     libc.a : boot_cortex_m.c.obj (.stack)
                  20207e04    000001fc     --HOLE--

__llvm_prf_cnts 
*          0    20200000    00000000     UNINITIALIZED

__llvm_prf_bits 
*          0    20200000    00000000     UNINITIALIZED

MODULE SUMMARY

       Module                         code   ro data   rw data
       ------                         ----   -------   -------
    .\
       Clock.o                        252    0         4      
       LaunchPad.o                    252    0         0      
       InputOutputmain.o              52     0         0      
    +--+------------------------------+------+---------+---------+
       Total:                         556    0         4      
                                                              
    .\ticlang\
       startup_mspm0g3507_ticlang.o   60     192       0      
    +--+------------------------------+------+---------+---------+
       Total:                         60     192       0      
                                                              
    C:\ti\ccs2020\ccs\tools\compiler\ti-cgt-armllvm_4.0.3.LTS\lib\armv6m-ti-none-eabi/c/libc.a
       copy_decompress_lzss.c.obj     124    0         0      
       autoinit.c.obj                 60     0         0      
       boot_cortex_m.c.obj            40     0         0      
       copy_decompress_none.c.obj     18     0         0      
       memcpy16.S.obj                 18     0         0      
       exit.c.obj                     6      0         0      
       pre_init.c.obj                 4      0         0      
    +--+------------------------------+------+---------+---------+
       Total:                         270    0         0      
                                                              
    C:\ti\ccs2020\ccs\tools\compiler\ti-cgt-armllvm_4.0.3.LTS\lib\armv6m-ti-none-eabi/c/libsysbm.a
       hostexit.c.obj                 4      0         0      
    +--+------------------------------+------+---------+---------+
       Total:                         4      0         0      
                                                              
    C:\ti\ccs2020\ccs\tools\compiler\ti-cgt-armllvm_4.0.3.LTS\lib\armv6m-ti-none-eabi/libclang_rt.builtins.a
       aeabi_uidivmod.S.obj           64     0         0      
       aeabi_memcpy.S.obj             8      0         0      
       aeabi_div0.c.obj               2      0         0      
    +--+------------------------------+------+---------+---------+
       Total:                         74     0         0      
                                                              
       Stack:                         0      0         512    
       Linker Generated:              0      24        0      
    +--+------------------------------+------+---------+---------+
       Grand Total:                   964    216       516    


LINKER GENERATED COPY TABLES

__TI_cinit_table @ 00000498 records: 1, size/record: 8, table size: 8
	.data: load addr=00000488, load size=00000008 bytes, run addr=20200000, run size=00000004 bytes, compression=lzss


LINKER GENERATED HANDLER TABLE

__TI_handler_table @ 00000490 records: 2, size/record: 4, table size: 8
	index: 0, handler: __TI_decompress_lzss
	index: 1, handler: __TI_decompress_none


GLOBAL SYMBOLS: SORTED ALPHABETICALLY BY Name 

address   name                          
-------   ----                          
000003b5  ADC0_IRQHandler               
000003b5  ADC1_IRQHandler               
000003b5  AES_IRQHandler                
000002ed  ActivatePortA_B               
20200000  BusFreq                       
00000476  C$$EXIT                       
000003b5  CANFD0_IRQHandler             
00000411  Clock_Delay                   
00000325  Clock_Delay1ms                
000000c1  Clock_Init                    
000003b5  DAC0_IRQHandler               
000003b5  DMA_IRQHandler                
000003b5  Default_Handler               
00000421  Delay                         
000003b5  GROUP0_IRQHandler             
000003b5  GROUP1_IRQHandler             
00000477  HOSTexit                      
000003d1  HardFault_Handler             
000003b5  I2C0_IRQHandler               
000003b5  I2C1_IRQHandler               
00000179  LaunchPad_Init                
00000451  LaunchPad_LED1off             
0000045d  LaunchPad_LED1on              
00000431  LaunchPad_LEDoff              
00000441  LaunchPad_LEDwhite            
000003b5  NMI_Handler                   
000003b5  PendSV_Handler                
000003b5  RTC_IRQHandler                
0000047b  Reset_Handler                 
000003b5  SPI0_IRQHandler               
000003b5  SPI1_IRQHandler               
000003b5  SVC_Handler                   
000003b5  SysTick_Handler               
000003b5  TIMA0_IRQHandler              
000003b5  TIMA1_IRQHandler              
000003b5  TIMG0_IRQHandler              
000003b5  TIMG12_IRQHandler             
000003b5  TIMG6_IRQHandler              
000003b5  TIMG7_IRQHandler              
000003b5  TIMG8_IRQHandler              
000003ed  TI_memcpy_small               
000003b5  UART0_IRQHandler              
000003b5  UART1_IRQHandler              
000003b5  UART2_IRQHandler              
000003b5  UART3_IRQHandler              
20208000  __STACK_END                   
00000200  __STACK_SIZE                  
00000000  __TI_ATRegion0_region_sz      
00000000  __TI_ATRegion0_src_addr       
00000000  __TI_ATRegion0_trg_addr       
00000000  __TI_ATRegion1_region_sz      
00000000  __TI_ATRegion1_src_addr       
00000000  __TI_ATRegion1_trg_addr       
00000000  __TI_ATRegion2_region_sz      
00000000  __TI_ATRegion2_src_addr       
00000000  __TI_ATRegion2_trg_addr       
00000498  __TI_CINIT_Base               
000004a0  __TI_CINIT_Limit              
000004a0  __TI_CINIT_Warm               
00000490  __TI_Handler_Table_Base       
00000498  __TI_Handler_Table_Limit      
000002b1  __TI_auto_init_nobinit_nopinit
000001f5  __TI_decompress_lzss          
000003ff  __TI_decompress_none          
ffffffff  __TI_pprof_out_hndl           
ffffffff  __TI_prof_data_size           
ffffffff  __TI_prof_data_start          
00000000  __TI_static_base__            
00000483  __aeabi_idiv0                 
00000469  __aeabi_memcpy                
00000469  __aeabi_memcpy4               
00000469  __aeabi_memcpy8               
00000271  __aeabi_uidiv                 
00000271  __aeabi_uidivmod              
ffffffff  __binit__                     
UNDEFED   __mpu_init                    
20207e00  __stack                       
20200000  __start___llvm_prf_bits       
20200000  __start___llvm_prf_cnts       
20200000  __stop___llvm_prf_bits        
20200000  __stop___llvm_prf_cnts        
0000038d  _c_int00_noargs               
UNDEFED   _system_post_cinit            
0000047f  _system_pre_init              
00000471  abort                         
ffffffff  binit                         
00000000  interruptVectors              
00000359  main                          


GLOBAL SYMBOLS: SORTED BY Symbol Address 

address   name                          
-------   ----                          
00000000  __TI_ATRegion0_region_sz      
00000000  __TI_ATRegion0_src_addr       
00000000  __TI_ATRegion0_trg_addr       
00000000  __TI_ATRegion1_region_sz      
00000000  __TI_ATRegion1_src_addr       
00000000  __TI_ATRegion1_trg_addr       
00000000  __TI_ATRegion2_region_sz      
00000000  __TI_ATRegion2_src_addr       
00000000  __TI_ATRegion2_trg_addr       
00000000  __TI_static_base__            
00000000  interruptVectors              
000000c1  Clock_Init                    
00000179  LaunchPad_Init                
000001f5  __TI_decompress_lzss          
00000200  __STACK_SIZE                  
00000271  __aeabi_uidiv                 
00000271  __aeabi_uidivmod              
000002b1  __TI_auto_init_nobinit_nopinit
000002ed  ActivatePortA_B               
00000325  Clock_Delay1ms                
00000359  main                          
0000038d  _c_int00_noargs               
000003b5  ADC0_IRQHandler               
000003b5  ADC1_IRQHandler               
000003b5  AES_IRQHandler                
000003b5  CANFD0_IRQHandler             
000003b5  DAC0_IRQHandler               
000003b5  DMA_IRQHandler                
000003b5  Default_Handler               
000003b5  GROUP0_IRQHandler             
000003b5  GROUP1_IRQHandler             
000003b5  I2C0_IRQHandler               
000003b5  I2C1_IRQHandler               
000003b5  NMI_Handler                   
000003b5  PendSV_Handler                
000003b5  RTC_IRQHandler                
000003b5  SPI0_IRQHandler               
000003b5  SPI1_IRQHandler               
000003b5  SVC_Handler                   
000003b5  SysTick_Handler               
000003b5  TIMA0_IRQHandler              
000003b5  TIMA1_IRQHandler              
000003b5  TIMG0_IRQHandler              
000003b5  TIMG12_IRQHandler             
000003b5  TIMG6_IRQHandler              
000003b5  TIMG7_IRQHandler              
000003b5  TIMG8_IRQHandler              
000003b5  UART0_IRQHandler              
000003b5  UART1_IRQHandler              
000003b5  UART2_IRQHandler              
000003b5  UART3_IRQHandler              
000003d1  HardFault_Handler             
000003ed  TI_memcpy_small               
000003ff  __TI_decompress_none          
00000411  Clock_Delay                   
00000421  Delay                         
00000431  LaunchPad_LEDoff              
00000441  LaunchPad_LEDwhite            
00000451  LaunchPad_LED1off             
0000045d  LaunchPad_LED1on              
00000469  __aeabi_memcpy                
00000469  __aeabi_memcpy4               
00000469  __aeabi_memcpy8               
00000471  abort                         
00000476  C$$EXIT                       
00000477  HOSTexit                      
0000047b  Reset_Handler                 
0000047f  _system_pre_init              
00000483  __aeabi_idiv0                 
00000490  __TI_Handler_Table_Base       
00000498  __TI_CINIT_Base               
00000498  __TI_Handler_Table_Limit      
000004a0  __TI_CINIT_Limit              
000004a0  __TI_CINIT_Warm               
20200000  BusFreq                       
20200000  __start___llvm_prf_bits       
20200000  __start___llvm_prf_cnts       
20200000  __stop___llvm_prf_bits        
20200000  __stop___llvm_prf_cnts        
20207e00  __stack                       
20208000  __STACK_END                   
ffffffff  __TI_pprof_out_hndl           
ffffffff  __TI_prof_data_size           
ffffffff  __TI_prof_data_start          
ffffffff  __binit__                     
ffffffff  binit                         
UNDEFED   __mpu_init                    
UNDEFED   _system_post_cinit            

[88 symbols]
